SPIM Version 8.0 of January 8, 2010
Copyright 1990-2010, James R. Larus.
All Rights Reserved.
See the file README for a full copyright notice.
Loaded: /usr/lib/spim/exceptions.s
1 2 3 5 4 SEP1 2 3 4 5 1 2 3 4 5 SEP5 1240 150 100 -530 SEP-530 5 100 150 1240 SEP-5 -4 -3 -2 -1

