INT(907)[1,1]
INT(0)[2,1]
PLUS[3,1]
PLUS[3,2]
ID(M8IHvF)[3,3]
NIL[4,2]
RBRACE[4,5]
LBRACE[4,6]
INT(4432)[4,7]
INT(43)[5,1]
NIL[6,1]
STRING("")[6,4]
RPAREN[6,6]
INT(2)[6,7]
INT(15)[7,1]
INT(862)[8,1]
LBRACE[9,2]
RPAREN[9,3]
LBRACE[9,4]
LBRACK[9,5]
INT(1)[9,6]
ID(S26)[10,2]
INT(3)[12,1]
RBRACE[13,1]
INT(59)[13,2]
RPAREN[14,1]
ID(B8224)[14,2]
LBRACE[15,1]
LBRACE[16,11]
INT(7122)[16,12]
LBRACK[17,1]
ID(aQw)[18,1]
LBRACK[18,4]
INT(288)[18,5]
PLUS[19,1]
ID(nil40)[19,3]
STRING("")[20,1]
NIL[20,3]
PLUS[21,1]
LBRACK[21,2]
PLUS[22,1]
STRING("iJZ")[22,2]
RPAREN[22,7]
LBRACK[22,8]
LPAREN[22,9]
INT(37)[24,3]
LBRACE[25,2]
STRING("o")[25,3]
RBRACK[25,7]
INT(919)[25,8]
INT(6)[26,1]
RPAREN[30,9]
PLUS[30,10]
RPAREN[30,11]
PLUS[31,1]
PLUS[31,3]
INT(2)[31,4]
LBRACK[32,1]
LPAREN[33,1]
INT(20)[33,2]
LBRACE[35,1]
LPAREN[35,2]
RBRACK[35,3]
INT(8823)[36,1]
STRING("O")[37,1]
LBRACK[38,1]
INT(4)[39,1]
NIL[40,2]
LPAREN[40,5]
INT(5119)[40,6]
INT(735)[41,1]
ID(nil8)[42,1]
INT(195)[43,1]
LBRACE[44,1]
ID(d9a0Uz)[44,2]
INT(92)[45,2]
LPAREN[48,1]
INT(9589)[48,2]
NIL[49,1]
PLUS[49,4]
LBRACE[49,5]
RPAREN[49,6]
LPAREN[49,7]
RPAREN[49,8]
RPAREN[50,7]
PLUS[50,8]
INT(6)[50,9]
RBRACK[51,1]
LBRACE[51,2]
ID(nil4622)[51,3]
STRING("")[52,1]
INT(40)[52,3]
PLUS[55,1]
ID(H)[55,2]
LBRACE[55,3]
LBRACK[55,4]
INT(479)[55,6]
RPAREN[56,1]
PLUS[56,2]
RPAREN[56,3]
LBRACK[56,4]
ID(S)[56,5]
INT(130)[56,15]
RPAREN[57,1]
LPAREN[57,2]
LBRACK[57,3]
LBRACK[57,5]
STRING("PrK")[57,6]
LBRACK[57,11]
RBRACE[57,12]
LBRACE[57,14]
LPAREN[57,15]
RBRACE[58,1]
STRING("")[61,3]
LPAREN[71,8]
INT(801)[71,9]
PLUS[72,1]
RPAREN[72,2]
STRING("y")[72,3]
INT(1826)[72,6]
PLUS[73,1]
PLUS[73,2]
LBRACK[73,3]
RBRACE[73,4]
STRING("EELf")[74,2]
ID(tocl9604)[74,8]
INT(56)[75,1]
INT(3)[76,2]
ID(Qo)[77,1]
LBRACE[77,3]
ID(p32)[77,4]
LBRACK[77,7]
RBRACK[77,8]
LPAREN[77,9]
LBRACK[77,10]
RPAREN[77,11]
LBRACE[77,12]
INT(59)[77,13]
LBRACE[78,2]
INT(69)[79,1]
RPAREN[80,1]
LBRACK[80,2]
PLUS[80,3]
INT(624)[81,1]
LBRACK[82,1]
NIL[82,2]
ID(pW)[84,1]
STRING("")[84,4]
STRING("ytO")[84,6]
INT(74)[84,11]
NIL[85,1]
PLUS[85,4]
LBRACK[85,5]
NIL[85,6]
PLUS[85,9]
LPAREN[85,10]
NIL[85,11]
RBRACK[85,14]
PLUS[86,8]
INT(6906)[86,9]
LBRACK[87,1]
LPAREN[87,2]
RPAREN[87,3]
LBRACK[87,4]
ID(mgp)[87,5]
RPAREN[87,14]
LBRACK[87,15]
LPAREN[87,16]
ID(z8)[87,17]
PLUS[88,1]
STRING("Qfap")[88,2]
INT(1)[88,8]
INT(7)[89,1]
INT(6840)[91,1]
LBRACE[92,1]
RBRACE[92,2]
RBRACK[92,3]
INT(5224)[92,4]
ID(nil181)[93,1]
PLUS[94,1]
LBRACK[94,2]
ID(PxS)[94,3]
PLUS[94,6]
LBRACE[95,1]
ID(nilnil)[95,2]
INT(5799)[96,1]
LBRACE[97,1]
STRING("bH")[97,2]
INT(1)[97,6]
INT(5117)[98,1]
PLUS[99,1]
INT(43)[99,2]
LBRACE[100,1]
LPAREN[100,2]
INT(948)[100,3]
ID(m)[101,1]
LBRACE[101,2]
PLUS[102,1]
NIL[102,2]
LPAREN[102,6]
LBRACE[102,8]
PLUS[104,1]
ID(H197)[104,3]
LBRACE[105,1]
NIL[105,2]
RBRACE[105,5]
INT(7)[105,6]
PLUS[106,1]
LBRACK[107,8]
LBRACK[107,9]
PLUS[107,10]
RPAREN[108,9]
RPAREN[108,10]
INT(98)[108,11]
INT(514)[109,1]
RBRACK[110,1]
LPAREN[110,3]
INT(429)[111,2]
LPAREN[112,1]
RBRACE[112,2]
LBRACK[112,3]
INT(8)[115,2]
RPAREN[116,1]
INT(1)[116,2]
INT(3456)[117,1]
LBRACE[118,1]
INT(5532)[118,2]
LBRACE[119,1]
INT(3)[119,2]
INT(35)[121,1]
LPAREN[122,1]
INT(10)[125,3]
LBRACE[126,1]
LBRACK[127,1]
RBRACE[127,2]
STRING("")[127,3]
INT(185)[127,5]
RBRACE[128,1]
LBRACE[128,2]
INT(27)[128,3]
INT(66)[129,1]
ID(nil71)[130,1]
LPAREN[131,1]
LBRACE[131,2]
LPAREN[131,3]
NIL[131,4]
LBRACK[135,5]
LPAREN[136,1]
LBRACK[140,13]
RPAREN[140,14]
INT(9859)[141,6]
RPAREN[142,1]
RPAREN[142,2]
INT(6)[142,3]
RBRACE[143,1]
PLUS[143,2]
RBRACK[143,3]
INT(701)[144,5]
LPAREN[145,1]
NIL[146,1]
LBRACE[146,4]
LBRACE[146,5]
STRING("egcbf")[147,1]
RBRACK[147,8]
INT(85)[147,9]
LPAREN[148,1]
ID(q138)[148,2]
STRING("")[149,1]
INT(360)[149,3]
LBRACE[150,1]
INT(45)[150,2]
NIL[151,1]
RBRACE[151,4]
RBRACE[151,5]
RBRACK[151,6]
PLUS[151,7]
INT(61)[151,8]
LBRACK[152,1]
INT(8153)[152,2]
LBRACE[153,1]
INT(25)[154,1]
ID(nilL9FeM)[158,1]
ID(Wl3)[159,3]
RBRACK[159,6]
INT(46)[159,8]
PLUS[160,1]
STRING("mKbIrmbsQSVNlZWwMWgmq")[160,2]
INT(56)[160,25]
LBRACE[161,1]
RBRACE[161,2]
RBRACK[161,3]
RBRACE[168,3]
INT(7)[169,1]
RBRACK[170,1]
INT(30)[170,2]
STRING("")[171,1]
PLUS[171,4]
ID(ehnil)[171,5]
STRING("")[173,1]
NIL[173,3]
LPAREN[173,6]
STRING("")[173,8]
LBRACK[173,10]
RPAREN[173,11]
ID(h99)[173,12]
STRING("lyjCZ")[173,15]
STRING("FW")[174,1]
LPAREN[174,5]
INT(200)[174,6]
RBRACK[175,1]
RBRACE[175,2]
INT(9789)[175,3]
INT(1)[176,1]
PLUS[178,1]
PLUS[178,2]
LBRACE[178,3]
RBRACE[178,5]
RBRACE[178,7]
INT(17)[178,8]
INT(18)[179,1]
PLUS[181,1]
LBRACE[181,2]
RBRACE[181,3]
ID(h)[181,4]
RBRACE[181,5]
RBRACE[181,6]
ID(y)[181,8]
LBRACE[181,9]
RPAREN[181,10]
PLUS[182,1]
STRING("Dn")[182,2]
INT(73)[182,6]
INT(7)[184,1]
ID(nil3933)[185,1]
INT(4)[186,1]
INT(300)[187,1]
INT(61)[188,1]
LBRACK[189,1]
RPAREN[189,2]
RBRACK[189,4]
LBRACK[189,5]
NIL[189,6]
STRING("")[189,9]
ID(nilnil)[189,11]
PLUS[189,17]
LBRACK[189,18]
INT(58)[189,19]
RBRACE[190,1]
PLUS[190,2]
LBRACE[190,3]
PLUS[190,4]
STRING("N")[192,6]
STRING("D")[192,9]
LPAREN[192,12]
INT(769)[192,13]
ID(g55)[193,2]
STRING("titaz")[194,2]
RBRACK[195,1]
INT(46)[195,2]
RBRACE[196,1]
ID(nilnil)[196,2]
STRING("NyLuKw")[196,8]
PLUS[196,16]
NIL[196,17]
PLUS[196,20]
INT(972)[196,21]
ID(nil4792)[197,1]
ID(IGZqB381)[198,1]
ID(nilnilnil62)[199,1]
INT(8905)[200,1]
LBRACE[201,1]
INT(7)[201,2]
INT(449)[203,1]
INT(38)[204,1]
LBRACK[205,1]
LBRACK[205,2]
INT(220)[205,3]
INT(44)[206,1]
INT(9)[207,1]
INT(964)[208,1]
LBRACK[209,2]
INT(4)[209,3]
RBRACK[210,1]
INT(687)[210,2]
STRING("eDfGb")[212,5]
PLUS[212,12]
ID(nilnil)[212,13]
STRING("")[213,1]
INT(588)[218,1]
INT(7392)[219,1]
INT(7)[220,11]
INT(6110)[221,1]
LBRACE[222,2]
INT(3)[222,3]
LBRACK[223,1]
STRING("")[223,2]
LBRACE[228,4]
LBRACE[228,5]
PLUS[229,1]
LBRACE[230,1]
INT(411)[230,2]
INT(4)[232,4]
LPAREN[234,2]
NIL[235,1]
LBRACE[235,4]
ID(nil4161)[235,5]
INT(2017)[236,1]
LPAREN[237,1]
NIL[237,2]
RBRACE[238,1]
INT(2984)[238,2]
NIL[239,1]
LPAREN[239,9]
RBRACE[239,10]
INT(781)[239,11]
INT(667)[240,1]
LPAREN[241,1]
LBRACE[241,3]
LBRACE[241,4]
INT(32)[241,13]
STRING("AWtHq")[249,3]
INT(334)[250,1]
LBRACE[251,2]
INT(1127)[251,3]
PLUS[252,1]
INT(89)[253,1]
ID(HQw5)[254,1]
RPAREN[254,5]
INT(0)[254,6]
RBRACE[255,1]
STRING("")[256,1]
INT(559)[256,3]
STRING("zDXS")[257,1]
RPAREN[257,7]
STRING("")[257,8]
INT(347)[258,6]
INT(8276)[259,1]
INT(27)[260,1]
INT(9)[261,1]
PLUS[262,1]
LBRACK[262,2]
ID(HL3N7nil)[264,3]
RBRACE[264,11]
LBRACK[264,12]
INT(4)[264,13]
LBRACE[265,1]
INT(9)[265,2]
LBRACK[266,1]
RPAREN[266,2]
RBRACE[267,1]
NIL[267,2]
LBRACK[267,5]
RBRACE[267,6]
LPAREN[267,7]
STRING("yER")[268,1]
RPAREN[268,7]
RBRACK[268,8]
STRING("SlAV")[269,1]
LBRACE[269,7]
RPAREN[269,8]
INT(890)[269,9]
ID(q2189)[270,1]
NIL[271,1]
RBRACK[271,4]
STRING("")[271,5]
PLUS[271,7]
ID(lcN)[271,9]
RBRACE[271,17]
ID(nilovwd1DA40)[271,18]
LPAREN[272,1]
LPAREN[272,2]
ID(Gs9OnE)[272,3]
PLUS[272,9]
LBRACE[272,10]
ID(pnil)[272,11]
PLUS[272,15]
RBRACK[272,16]
INT(96)[272,17]
LBRACE[273,1]
INT(78)[273,2]
INT(88)[275,1]
RPAREN[276,2]
INT(428)[276,3]
ID(A)[277,1]
RBRACK[277,2]
LPAREN[277,3]
LBRACK[277,4]
NIL[277,5]
RPAREN[277,8]
RBRACE[277,9]
INT(8)[277,10]
LBRACK[278,1]
RBRACK[278,2]
RPAREN[278,3]
PLUS[278,4]
RBRACK[278,5]
INT(4677)[278,6]
LBRACK[279,1]
INT(259)[279,2]
PLUS[280,1]
RBRACE[280,2]
RBRACK[280,3]
LBRACK[280,4]
LBRACK[280,5]
RPAREN[280,6]
PLUS[281,1]
LPAREN[281,2]
LBRACK[281,3]
PLUS[281,10]
PLUS[285,3]
INT(257)[285,4]
INT(2067)[286,1]
INT(8925)[287,1]
RPAREN[288,1]
RBRACE[289,1]
LBRACK[289,2]
INT(3)[289,3]
LPAREN[290,1]
LBRACK[290,2]
INT(6)[290,3]
LBRACE[292,2]
RPAREN[293,1]
LBRACK[293,2]
NIL[293,3]
LBRACE[293,15]
INT(9207)[293,16]
RBRACK[294,1]
STRING("tTh")[294,2]
STRING("BL")[294,7]
LBRACE[294,11]
RPAREN[296,1]
INT(54)[296,2]
INT(16)[297,1]
INT(2)[298,1]
PLUS[299,1]
LBRACE[299,3]
LPAREN[299,4]
LPAREN[299,5]
RPAREN[299,6]
NIL[299,7]
STRING("w")[299,10]
PLUS[299,13]
RBRACE[300,1]
INT(685)[300,2]
PLUS[301,1]
LBRACE[301,2]
RBRACK[302,1]
INT(4502)[302,2]
INT(341)[303,1]
RBRACE[304,1]
LBRACK[305,1]
RBRACK[305,2]
INT(2210)[305,3]
LBRACK[306,1]
STRING("i")[306,2]
INT(504)[306,5]
INT(9)[307,1]
RPAREN[308,1]
LBRACE[309,1]
STRING("")[309,2]
INT(2216)[309,4]
NIL[310,1]
RPAREN[311,1]
RBRACK[311,2]
STRING("")[311,3]
ID(nil4)[311,5]
STRING("")[312,1]
RPAREN[312,3]
ID(YsJS)[312,4]
RBRACE[312,8]
RBRACE[312,9]
ID(NY83c)[312,10]
RBRACK[312,15]
INT(35)[313,1]
INT(4)[314,1]
RBRACE[315,1]
LPAREN[315,2]
INT(4594)[315,3]
INT(4431)[317,1]
ID(zP2h)[318,1]
RBRACE[318,5]
LPAREN[318,6]
LBRACE[318,7]
RPAREN[318,8]
RBRACK[318,9]
LPAREN[320,1]
INT(2650)[320,2]
ID(N4395)[321,1]
INT(7730)[322,1]
LBRACE[323,1]
LBRACE[323,2]
INT(5)[323,3]
LBRACE[324,1]
ID(nilnil)[324,2]
LPAREN[324,8]
LPAREN[324,9]
INT(33)[324,10]
LBRACK[325,1]
LPAREN[327,1]
INT(49)[327,2]
ID(nil3273)[328,1]
INT(89)[331,1]
INT(459)[332,1]
ID(i2TRnil)[333,1]
RPAREN[333,9]
STRING("b")[333,10]
INT(60)[333,13]
INT(3012)[334,1]
RBRACK[335,1]
INT(9331)[335,2]
RBRACE[336,1]
INT(146)[337,1]
INT(8)[338,1]
STRING("Lin")[339,1]
INT(0)[339,6]
NIL[340,1]
NIL[341,1]
RPAREN[341,4]
INT(158)[341,14]
LBRACE[342,1]
INT(8)[342,2]
INT(99)[343,1]
INT(2)[344,1]
LPAREN[345,1]
INT(5075)[345,2]
NIL[346,1]
RBRACE[346,4]
NIL[346,5]
LBRACE[346,8]
ID(q5678W50)[346,9]
LBRACK[347,1]
LBRACE[347,2]
STRING("KceTeeUggpu")[347,3]
INT(789)[347,16]
INT(6750)[348,1]
PLUS[349,1]
STRING("p")[349,2]
ID(IQu7)[349,5]
LBRACK[350,1]
LBRACK[350,2]
INT(87)[350,3]
INT(300)[351,1]
LPAREN[352,1]
RPAREN[352,2]
NIL[354,1]
LPAREN[354,4]
LBRACE[354,5]
STRING("")[354,6]
LPAREN[354,8]
PLUS[354,9]
ID(JM38)[354,10]
PLUS[355,1]
LBRACK[356,9]
INT(130)[356,10]
RBRACK[358,1]
LBRACK[359,1]
LPAREN[359,2]
INT(76)[359,4]
RBRACK[360,1]
RBRACK[360,2]
NIL[360,3]
RBRACE[360,6]
INT(9)[360,7]
STRING("Fm")[361,2]
STRING("ES")[361,6]
INT(612)[361,10]
LBRACK[363,1]
RBRACE[363,2]
RPAREN[363,3]
RBRACK[364,1]
INT(472)[364,2]
STRING("pzYJS")[365,1]
LBRACK[365,8]
LBRACE[365,9]
LPAREN[366,1]
RPAREN[366,2]
RBRACK[366,3]
INT(4)[366,4]
RPAREN[367,1]
LBRACE[367,3]
INT(73)[367,4]
NIL[368,1]
RBRACE[368,4]
ID(nil87)[368,5]
RBRACK[369,1]
INT(628)[369,2]
LPAREN[370,1]
LPAREN[370,2]
NIL[370,3]
RBRACK[370,6]
RBRACK[370,8]
INT(6)[370,10]
INT(5756)[371,1]
INT(242)[372,1]
LBRACK[373,1]
PLUS[373,2]
PLUS[373,3]
ID(nil6317)[373,4]
PLUS[374,1]
RBRACE[374,3]
INT(7019)[374,5]
INT(529)[375,1]
STRING("c")[376,2]
PLUS[376,5]
RPAREN[376,6]
LBRACK[376,7]
RBRACE[378,9]
ID(pP98)[378,10]
ID(Eie9)[378,19]
STRING("")[378,23]
INT(5)[378,25]
STRING("p")[379,1]
LBRACE[379,4]
ID(D)[379,5]
RPAREN[379,6]
NIL[379,7]
STRING("F")[380,1]
LPAREN[380,4]
ID(h2rFA)[380,5]
RBRACE[380,10]
LBRACK[380,11]
STRING("CRxGO")[382,1]
PLUS[383,1]
RBRACK[384,1]
LBRACK[384,2]
PLUS[384,3]
LPAREN[384,4]
RPAREN[384,5]
INT(0)[385,1]
STRING("")[386,1]
LBRACE[386,3]
LBRACE[386,4]
RBRACE[392,6]
RBRACK[392,7]
LBRACE[392,8]
STRING("p")[392,9]
PLUS[392,12]
INT(7)[392,13]
LBRACE[393,1]
STRING("")[393,2]
INT(3261)[393,4]
RBRACE[394,1]
INT(190)[394,2]
INT(29)[395,3]
LBRACE[396,1]
LPAREN[396,2]
RBRACE[396,3]
LPAREN[396,4]
PLUS[400,9]