CLASS[1,1]
TYPE_VOID[1,7]
ID(IntList)[1,12]
LBRACE[2,1]
TYPE_INT[3,5]
ID(head)[3,9]
SEMICOLON[3,13]
ID(IntList)[4,5]
ID(tail)[4,13]
SEMICOLON[4,17]
RBRACE[5,1]