RBRACE[1,1]
RBRACE[1,2]
INT(0)[1,3]
RBRACE[2,1]
LBRACK[2,2]
RPAREN[2,3]
PLUS[2,4]
INT(6393)[2,5]
INT(33)[3,1]
INT(1242)[4,1]
STRING("Sv")[5,1]
RBRACK[5,5]
PLUS[5,6]
RBRACK[5,7]
LBRACE[5,8]
ID(Q6Utmkvs37kV)[5,9]
RBRACE[5,21]
INT(319)[5,22]
NIL[6,1]
LBRACK[6,4]
RBRACE[6,5]
LBRACE[6,6]
LPAREN[8,7]
NIL[9,1]
LBRACE[9,4]
LPAREN[9,6]
NIL[9,7]
LBRACE[9,10]
INT(6963)[9,11]
INT(148)[10,1]
INT(6251)[11,1]
STRING("lTM")[12,1]
LBRACK[12,6]
INT(894)[12,15]
INT(7482)[13,2]
LBRACK[16,1]
RBRACE[16,2]
LBRACK[16,3]
INT(38)[16,4]
INT(4)[17,1]
PLUS[18,2]
INT(465)[18,3]
RBRACK[19,1]
INT(29)[19,2]
LPAREN[22,6]
LBRACK[22,7]
LPAREN[22,8]
NIL[22,9]
LPAREN[22,12]
PLUS[22,13]
INT(19)[22,14]
INT(0)[23,1]
INT(46)[25,1]
RBRACK[26,1]
LPAREN[26,8]
RBRACK[26,9]
INT(588)[27,1]
LBRACE[28,1]
INT(52)[28,2]
RBRACK[30,1]
PLUS[30,2]
RBRACK[30,3]
LBRACK[30,4]
RBRACE[30,5]
ID(W78IbK6)[30,6]
LBRACK[30,13]
INT(2360)[30,15]
RBRACK[31,1]
RBRACK[31,2]
NIL[31,3]
NIL[32,6]
RBRACK[32,12]
INT(6)[32,13]
PLUS[33,1]
STRING("FzSDGyni")[33,2]
RBRACK[33,12]
ID(UP8)[33,13]
RPAREN[33,16]
INT(417)[33,17]
PLUS[34,1]
LPAREN[34,2]
LBRACE[34,3]
INT(17)[34,4]
ID(j2)[35,1]
RBRACK[35,3]
ID(J)[35,5]
RBRACK[35,6]
LPAREN[35,7]
STRING("OmlSckx")[35,8]
LBRACE[35,17]
ID(Vnil)[36,1]
RBRACK[36,5]
INT(1)[36,6]
INT(8434)[38,2]
RBRACK[39,1]
NIL[39,2]
LBRACE[39,5]
RBRACK[39,6]
PLUS[39,7]
LPAREN[39,8]
INT(75)[41,7]
NIL[42,1]
LPAREN[42,4]
RBRACK[42,5]
RPAREN[42,6]
LBRACE[42,7]
RBRACK[42,13]
INT(6)[42,14]
NIL[43,1]
LBRACE[43,4]
RPAREN[43,5]
INT(25)[44,1]
RPAREN[45,1]
RPAREN[46,5]
RBRACK[46,6]
INT(1)[46,7]
PLUS[52,3]
INT(3595)[52,4]
RBRACK[53,1]
INT(10)[53,2]
INT(7)[54,1]
RBRACK[55,1]
INT(8996)[55,2]
INT(522)[57,1]
RBRACE[58,6]
INT(1020)[58,7]
LBRACK[59,1]
LPAREN[59,2]
INT(6)[59,3]
STRING("")[60,1]
INT(8357)[60,3]
INT(4999)[61,1]
INT(919)[62,1]
INT(5)[63,1]
INT(3808)[64,1]
LBRACK[65,1]
PLUS[65,2]
PLUS[66,1]
RBRACK[66,2]
ID(qRp)[66,3]
LBRACK[66,6]
INT(48)[68,1]
LPAREN[70,1]
LBRACE[70,2]
RBRACE[70,3]
NIL[71,1]
RBRACE[71,4]
LBRACK[72,1]
STRING("euW")[72,2]
RBRACK[72,7]
LBRACK[76,10]
LBRACE[76,11]
PLUS[76,12]
INT(737)[76,13]
INT(3621)[77,1]
LPAREN[78,1]
LBRACE[78,2]
LPAREN[79,1]
STRING("W")[79,2]
LBRACK[81,10]
RBRACE[81,11]
STRING("B")[82,1]
INT(1)[84,1]
STRING("CC")[86,1]
NIL[86,5]
RBRACK[86,8]
INT(3869)[87,10]
STRING("a")[88,1]
STRING("Gz")[88,4]
RBRACK[88,8]
ID(nil5)[89,1]
LBRACK[90,1]
STRING("e")[90,2]
INT(159)[90,5]
INT(9301)[91,1]
LPAREN[92,1]
INT(316)[92,2]
RBRACE[93,1]
RPAREN[93,2]
INT(5)[93,3]
LPAREN[96,1]
STRING("c")[97,7]
STRING("prm")[97,10]
LBRACE[97,15]
INT(78)[97,16]
ID(ux828)[99,4]
INT(7775)[100,1]
RPAREN[102,3]
RPAREN[102,4]
INT(5625)[102,5]
INT(51)[103,5]
INT(1951)[109,4]
LBRACK[110,1]
RBRACK[110,2]
RBRACK[110,3]
RBRACE[110,4]
LBRACK[110,6]
INT(8607)[110,7]
RBRACE[112,1]
RBRACE[113,1]
INT(4)[113,2]
LBRACE[114,1]
INT(8108)[117,1]
INT(9534)[118,1]
LBRACE[119,1]
LPAREN[119,2]
RBRACK[120,2]
PLUS[120,3]
NIL[120,4]
LBRACE[120,7]
RPAREN[120,8]
INT(487)[120,9]
LBRACK[121,1]
LBRACE[121,2]
INT(4)[121,3]
RPAREN[122,1]
INT(74)[122,2]
INT(4487)[123,1]
PLUS[124,1]
INT(785)[124,2]
LBRACE[126,1]
ID(B5uki)[126,2]
STRING("dOen")[126,7]
STRING("SbC")[126,13]
INT(23)[126,18]
LPAREN[127,1]
LBRACE[127,2]
LPAREN[127,3]
LBRACK[127,4]
RPAREN[127,5]
INT(4)[127,7]
LBRACE[128,2]
RBRACE[129,8]
ID(Qze4q)[129,9]
LBRACK[129,14]
RPAREN[129,15]
PLUS[129,16]
INT(77)[129,17]
INT(7167)[130,1]
RBRACE[131,1]
INT(5)[131,2]
LBRACK[132,2]
INT(1159)[132,3]
RPAREN[136,1]
LBRACK[136,2]
INT(9)[136,5]
INT(0)[137,1]
LBRACE[138,1]
RBRACK[138,2]
RBRACK[138,3]
LBRACK[138,4]
LPAREN[138,5]
RBRACE[138,6]
LPAREN[138,7]
RBRACK[138,8]
LBRACE[139,2]
INT(8875)[139,3]
RPAREN[140,1]
LBRACK[140,2]
INT(6)[140,3]
ID(kM)[141,1]
LBRACE[141,3]
LBRACK[147,4]
INT(3879)[147,6]
RBRACE[148,1]
RBRACK[148,2]
LBRACE[148,3]
LBRACK[148,4]
RPAREN[148,6]
INT(6896)[148,7]
INT(79)[152,3]
PLUS[155,2]
INT(5504)[155,3]
INT(113)[156,1]
INT(95)[157,1]
RBRACK[159,1]
PLUS[159,2]
ID(B0)[159,3]
LPAREN[160,1]
INT(36)[160,2]
INT(168)[161,1]
STRING("plRB")[162,1]
LPAREN[162,7]
INT(806)[162,8]
STRING("D")[163,1]
INT(21)[163,4]
RPAREN[164,1]
RBRACE[164,2]
INT(6505)[164,3]
INT(781)[166,8]
RPAREN[167,1]
RPAREN[167,2]
RBRACE[168,1]
ID(nilnil)[170,1]
RBRACK[171,1]
RPAREN[171,2]
RBRACK[171,3]
LBRACE[171,4]
LBRACE[171,6]
RPAREN[171,7]
LBRACK[179,3]
INT(6)[179,4]
INT(321)[180,1]
INT(90)[181,1]
PLUS[182,1]
INT(452)[182,2]
RPAREN[183,1]
INT(7060)[183,2]
NIL[184,1]
STRING("FBBI")[184,4]
LBRACE[184,10]
LBRACE[184,11]
ID(nil372)[184,12]
RBRACK[185,1]
PLUS[185,2]
INT(44)[187,1]
INT(107)[188,1]
INT(80)[190,1]
INT(82)[191,1]
INT(88)[193,1]
STRING("E")[194,1]
RBRACE[194,4]
NIL[194,10]
LPAREN[194,13]
RBRACK[195,1]
LBRACE[196,5]
ID(Roycc3)[197,1]
PLUS[198,2]
INT(4270)[198,3]
LBRACK[199,1]
RPAREN[199,2]
LPAREN[199,3]
STRING("")[199,4]
INT(56)[199,6]
RBRACE[200,1]
RBRACK[200,2]
RBRACK[200,3]
RBRACK[200,4]
LBRACE[200,5]
PLUS[201,1]
INT(68)[201,2]
ID(kq5S3qx)[202,1]
RBRACK[202,8]
INT(27)[202,9]
PLUS[203,1]
INT(5511)[203,2]
LBRACE[205,1]
INT(7)[205,2]
RBRACK[206,1]
LPAREN[206,2]
ID(nil263)[206,3]
RPAREN[207,1]
RBRACE[207,2]
ID(Jy9kS)[207,3]
PLUS[207,8]
INT(1)[207,9]
LBRACE[208,1]
INT(89)[208,2]
LBRACE[209,1]
INT(79)[209,2]
INT(1494)[210,2]
RBRACE[212,1]
LPAREN[223,17]
LBRACK[225,3]
INT(59)[226,1]
LPAREN[228,1]
ID(I56i)[228,2]
STRING("C")[228,6]
ID(f)[228,9]
RBRACK[228,10]
LPAREN[228,11]
INT(23)[228,12]
INT(5)[229,1]
INT(232)[230,2]
LBRACE[232,1]
LPAREN[232,2]
LBRACE[232,3]
INT(8)[233,1]
LBRACK[234,1]
LBRACK[234,2]
RPAREN[234,3]
LBRACE[234,4]
INT(260)[234,5]
RBRACE[235,1]
LPAREN[235,2]
LPAREN[235,3]
INT(1970)[235,4]
LBRACK[236,1]
INT(9419)[237,1]
RBRACK[238,1]
LPAREN[238,2]
RPAREN[238,3]
ID(zP)[238,4]
LBRACE[238,6]
INT(3503)[238,7]
LBRACE[239,1]
RBRACE[239,2]
LBRACE[239,3]
ID(j9K0oIx)[239,4]
PLUS[239,11]
INT(9726)[239,12]
INT(50)[240,1]
INT(3669)[241,1]
RBRACE[242,1]
INT(9511)[242,2]
RPAREN[243,1]
INT(6)[243,2]
STRING("pY")[244,1]
RPAREN[244,5]
INT(194)[244,6]
PLUS[245,1]
NIL[245,2]
PLUS[245,5]
PLUS[245,7]
LBRACE[245,8]
RBRACK[245,9]
INT(480)[245,10]
ID(inil)[246,1]
LPAREN[246,17]
STRING("")[246,18]
RBRACK[246,20]
RBRACK[247,1]
ID(Ey9)[247,2]
INT(6)[248,1]
LBRACE[249,1]
LPAREN[249,2]
RBRACK[249,3]
LBRACK[249,4]
LBRACK[249,5]
STRING("")[249,6]
INT(6190)[249,8]
PLUS[250,2]
RBRACE[251,1]
INT(21)[251,2]
INT(5148)[252,1]
RBRACE[253,1]
RBRACE[253,2]
LBRACE[254,1]
STRING("i")[254,2]
LBRACK[254,5]
STRING("G")[254,6]
INT(11)[255,1]
LBRACK[256,2]
INT(60)[256,3]
LBRACK[257,1]
PLUS[257,2]
RBRACE[257,3]
INT(81)[257,4]
RPAREN[258,2]
INT(2)[260,4]
LBRACK[261,1]
STRING("wZ")[261,2]
PLUS[261,6]
INT(7891)[261,7]
INT(64)[262,1]
RPAREN[263,1]
NIL[263,2]
LBRACK[264,1]
STRING("")[264,2]
LPAREN[264,4]
PLUS[264,5]
RPAREN[264,6]
INT(6933)[265,1]
INT(0)[266,2]
RPAREN[267,1]
ID(uA)[267,2]
RBRACE[267,4]
ID(c25)[268,1]
PLUS[269,1]
INT(735)[269,2]
INT(9275)[270,1]
STRING("")[271,1]
RPAREN[271,3]
PLUS[271,4]
LPAREN[271,5]
LBRACE[271,6]
RPAREN[271,7]
RBRACK[272,1]
ID(nil84)[272,2]
LBRACE[273,1]
PLUS[274,1]
RBRACK[274,2]
INT(5106)[274,3]
INT(4)[276,1]
LBRACK[277,1]
INT(392)[277,2]
RBRACK[278,1]
INT(3926)[278,2]
ID(e)[279,1]
RPAREN[279,2]
INT(4)[279,3]
RPAREN[280,1]
INT(3634)[281,8]
PLUS[282,1]
INT(5)[282,2]
LPAREN[283,1]
STRING("V")[284,1]
INT(496)[284,4]
STRING("BikDBJ")[285,1]
INT(221)[285,9]
LBRACK[286,1]
RBRACK[286,2]
INT(7576)[286,4]
RPAREN[288,1]
INT(4)[288,2]
LPAREN[289,1]
PLUS[289,2]
LPAREN[290,1]
STRING("EHdI")[290,3]
LBRACK[290,9]
INT(5674)[290,10]
INT(556)[291,1]
ID(Bk)[292,1]
RBRACE[292,3]
PLUS[292,4]
LBRACK[292,5]
LBRACK[292,6]
INT(2)[292,8]
INT(63)[293,1]
INT(1)[295,1]
NIL[296,1]
ID(CV)[296,15]
RBRACK[297,1]
INT(165)[297,2]
STRING("ngY")[299,1]
INT(12)[300,1]
LPAREN[301,2]
INT(9372)[301,3]
LBRACK[302,1]
LBRACE[303,1]
RBRACE[303,2]
LBRACK[305,6]
RPAREN[306,1]
RBRACK[307,1]
LBRACK[307,2]
RBRACE[307,3]
LBRACE[308,1]
STRING("KDHEG")[309,1]
INT(46)[311,12]
INT(11)[312,1]
NIL[313,1]
RBRACK[313,4]
INT(6867)[313,5]
LBRACK[314,1]
LPAREN[314,2]
LPAREN[314,3]
LBRACE[314,4]
INT(44)[315,1]
INT(4181)[316,1]
RBRACE[317,1]
LBRACK[317,2]
ID(nil48)[317,3]
LBRACK[318,1]
STRING("")[318,2]
RBRACE[318,4]
LPAREN[318,5]
NIL[318,6]
INT(1125)[319,1]
INT(66)[320,1]
INT(688)[321,1]
LPAREN[322,1]
ID(nil10)[322,2]
RBRACE[323,1]
RBRACE[324,1]
RBRACE[324,2]
PLUS[325,1]
LPAREN[325,2]
RPAREN[325,3]
ID(Cnil265)[325,4]
RPAREN[326,1]
INT(5690)[326,2]
RBRACE[327,1]
INT(378)[327,2]
LBRACE[333,1]
INT(8907)[333,2]
LBRACK[334,2]
RPAREN[334,3]
RBRACK[334,4]
RBRACE[335,1]
INT(61)[335,2]
INT(62)[336,1]
INT(74)[337,2]
RBRACE[338,1]
ID(t)[338,2]
STRING("tA")[338,3]
RBRACE[338,7]
LPAREN[338,8]
RBRACE[339,1]
RBRACE[339,2]
INT(5)[339,3]
INT(6630)[340,1]
INT(2)[341,1]
ID(nil619)[343,8]
RBRACK[344,1]
ID(K)[344,2]
INT(2)[346,4]
STRING("m")[347,1]
INT(6961)[347,4]
PLUS[348,1]
LBRACE[348,2]
LBRACE[348,3]
NIL[348,4]
ID(nil3)[349,3]
INT(93)[350,1]
INT(124)[351,1]
INT(1665)[352,1]
INT(45)[353,1]
RPAREN[354,1]
RPAREN[354,2]
RBRACE[354,3]
INT(10)[354,4]
PLUS[355,1]
ID(sP5)[356,1]
ID(nil30)[357,1]
INT(3826)[358,1]
ID(Ro2)[360,5]
LBRACE[360,8]
INT(211)[360,9]
LPAREN[361,1]
INT(89)[361,2]
INT(7)[362,1]
LBRACK[363,1]
PLUS[363,2]
RPAREN[363,3]
RBRACE[363,4]
INT(831)[363,5]
ID(F528)[364,1]
LBRACE[364,5]
NIL[364,6]
RBRACK[364,9]
INT(629)[365,1]
RPAREN[366,1]
INT(4)[366,2]
LBRACE[367,1]
NIL[368,1]
RPAREN[368,4]
LBRACK[368,5]
STRING("ASwnMMyyw")[368,6]
PLUS[368,17]
NIL[368,18]
LPAREN[368,21]
ID(nil0)[368,22]
RBRACE[369,1]
RBRACK[369,3]
LPAREN[370,1]
INT(6)[370,2]
STRING("E")[371,1]
ID(x)[371,4]
LBRACK[374,18]
RPAREN[374,19]
LBRACK[374,31]
LBRACK[374,32]
INT(877)[374,33]
INT(3916)[375,1]
INT(514)[377,2]
INT(2)[378,1]
RBRACE[379,1]
LBRACE[379,2]
RBRACE[380,25]
INT(9403)[380,26]
NIL[381,1]
RPAREN[381,4]
LBRACE[381,6]
STRING("")[381,7]
LBRACK[381,9]
RPAREN[381,10]
INT(312)[381,11]
INT(386)[382,1]
LPAREN[383,1]
INT(3009)[383,2]
ID(GkPGtDr)[384,1]
LPAREN[384,8]
LPAREN[384,9]
RBRACE[384,10]
RBRACE[384,11]
PLUS[384,12]
ID(nil3273)[384,13]
STRING("")[385,1]
RPAREN[385,3]
LPAREN[385,5]
INT(3516)[385,6]
LPAREN[386,1]
RBRACE[387,4]
LBRACE[387,5]
NIL[387,6]
RPAREN[388,2]
INT(1)[388,4]
LBRACE[389,1]
NIL[389,2]
PLUS[389,5]
LBRACK[389,6]
INT(71)[389,7]
LBRACK[390,1]
ID(xof8e6a)[390,8]
LPAREN[390,15]
INT(5)[390,16]
INT(50)[391,1]
RPAREN[393,1]
INT(302)[394,1]
PLUS[395,1]
RBRACE[395,2]
INT(97)[395,3]
INT(3)[396,1]
ID(l628)[399,1]
LBRACK[400,1]
LBRACK[400,2]
INT(3025)[400,3]
LPAREN[401,1]
INT(6)[401,2]
INT(32)[402,1]
PLUS[403,1]
ID(kFMnnVH)[403,2]
RPAREN[404,6]
RBRACE[404,7]
STRING("x")[405,1]
ID(yFzV735)[405,4]
PLUS[405,11]
RBRACK[406,1]
RPAREN[412,1]
LBRACE[412,2]
LBRACE[412,3]
ID(nil80)[413,1]
INT(8)[414,2]
LBRACK[415,1]
LBRACK[415,2]
LBRACE[415,3]
ID(F7)[415,4]
PLUS[415,6]
LBRACE[415,7]
INT(6)[415,8]
LPAREN[417,1]
PLUS[417,2]
INT(883)[417,3]
LBRACK[418,1]
RPAREN[420,2]
RBRACE[420,3]
INT(282)[422,1]
INT(651)[423,1]
INT(7)[424,1]
INT(7223)[425,1]
LPAREN[426,1]
RPAREN[429,8]
RPAREN[429,9]
PLUS[429,10]
RPAREN[429,11]
RPAREN[429,12]
RPAREN[429,14]
INT(221)[429,15]
LBRACE[430,1]